        if not len(replies[0]):
            return data
        check = False
        for r in replies:
            if len(r):
                if True in [r in i for i in data]:
                    check = True
                    break
        if not check:
            print(magenta + str(replies), data)
>       assert check
E       AssertionError

process\serialcomms.py:183: AssertionError
=========================================== 3 failed, 4 passed, 44 deselected in 20.03 seconds ============================================
PS C:\GIT\masters\code\tests> pytest -svm apn
=========================================================== test session starts ===========================================================
platform win32 -- Python 3.7.3, pytest-4.6.2, py-1.8.0, pluggy-0.12.0 -- c:\users\d7rob\appdata\local\programs\python\python37\python.exe
cachedir: .pytest_cache
rootdir: C:\GIT\masters\code\tests, inifile: pytest.ini
collected 51 items / 50 deselected / 1 selected                                                                                            

test_setup.py::test_APN
AT+CGDCONT=0,"IP","nbiot.vodacom.za"
OK
PASSED

================================================= 1 passed, 50 deselected in 3.76 seconds =================================================
PS C:\GIT\masters\code\tests> pytest -svm setup
=========================================================== test session starts ===========================================================
platform win32 -- Python 3.7.3, pytest-4.6.2, py-1.8.0, pluggy-0.12.0 -- c:\users\d7rob\appdata\local\programs\python\python37\python.exe
cachedir: .pytest_cache
rootdir: C:\GIT\masters\code\tests, inifile: pytest.ini
collected 51 items / 44 deselected / 7 selected                                                                                            

test_setup.py::test_AT
quectel
AT
OK
PASSED
test_setup.py::test_NCONFIG AT+NCONFIG="AUTOCONNECT","FALSE"
OK
AT+NCONFIG="CR_0859_SI_AVOID","TRUE"
OK
AT+NCONFIG="CR_0354_0338_SCRAMBLING","TRUE"
OK
PASSED
test_setup.py::test_URC AT+CMEE=1
OK
AT+NPSMR=1
OK
AT+CSCON=1
OK
AT+CEREG=3
OK
PASSED
test_setup.py::test_CFUN AT+CFUN=0
OK
+CEREG:0,0000,00000000,9,,
at+cfun?
+CFUN:0
OK
AT+CFUN=1
+CEREG:0,0000,00000000,9,,
PASSED
test_setup.py::test_COPS OK
AT+COPS=0
OK
+CEREG:2,0000,00000000,9,,
+CSCON:1
+CEREG:1,9C40,023DC10D,9,,
PASSED
test_setup.py::test_CEREG AT+CEREG?
+CEREG:3,1,9C40,023DC10D,9,,
PASSED
test_setup.py::test_ping at+nping="8.8.8.8"
OK
OK
+NPING:8.8.8.8,52,534
{'Signal power': '-950', 'Total power': '-866', 'TX power': '150', 'TX time': '875', 'RX time': '2984', 'Cell ID': '37601549', 'ECL': '1', 'SNR': '47', 'EARFCN': '3609', 'PCI': '75', 'RSRQ': '-120', 'OPERATOR MODE': '4', 'LC UL BLE': '0', 'LC DL BLE': '0', 'AC UL BLE': '0', 'AC DL BLE': '0', 'otal TX byte': '405', 'otal RX byte': '408', 'otal TX block': '17', 'otal RX block': '16', 'otal RTX block': '0', 'otal ACK/NACK R': '0', 'LC U': '0', 'LC D': '0', 'AC U': '0', 'AC D': '0', 'urrent Allocate': '26112', 'otal Fre': '17224', 'ax Fre': '15264', 'um Alloc': '287', 'um Free': '75', 'primary_cell': '1', 'rsrp': '-950', 'rsrq': '-122', 'rssi': '-870', 'snr': '42'}
CAPTURE START
./logs/huawei_vodacom/testplant_14th/quectel/setup/ping/5
index,
idleTime,txTime,totalTime,energy,maxCurrent,Signal power,Total power,TX power,TX time,RX time,Cell ID,ECL,SNR,EARFCN,PCI,RSRQ,OPERATOR MODE,LC UL BLE,LC DL BLE,AC UL BLE,AC DL BLE,otal TX byte,otal RX byte,otal TX block,otal RX block,otal RTX block,otal ACK/NACK R,LC U,LC D,AC U,AC D,urrent Allocate,otal Fre,ax Fre,um Alloc,um Free,primary_cell,rsrp,rsrq,rssi,snr,
0,2582,965,174,7.84,101.0,-950,-870,150,875,3294,37601549,1,39,3609,75,-123,4,0,0,0,0,405,408,17,16,0,0,0,0,0,0,26112,17224,15264,290,78,1,-952,-122,-871,42,
CAPTURE END
PASSED

================================================ 7 passed, 44 deselected in 13.56 seconds =================================================
PS C:\GIT\masters\code\tests> pytest -svk echo
=========================================================== test session starts ===========================================================
platform win32 -- Python 3.7.3, pytest-4.6.2, py-1.8.0, pluggy-0.12.0 -- c:\users\d7rob\appdata\local\programs\python\python37\python.exe
cachedir: .pytest_cache
rootdir: C:\GIT\masters\code\tests, inifile: pytest.ini
collected 51 items / 45 deselected / 6 selected                                                                                            

test_echo.py::test_echo_set SKIPPED
test_echo.py::test_echo_skip
CAPTURE START
./logs/huawei_vodacom/testplant_14th/quectel/echo/skip/5
index,
idleTime,txTime,totalTime,energy,maxCurrent,Signal power,Total power,TX power,TX time,RX time,Cell ID,ECL,SNR,EARFCN,PCI,RSRQ,OPERATOR MODE,LC UL BLE,LC DL BLE,AC UL BLE,AC DL BLE,otal TX byte,otal RX byte,otal TX block,otal RX block,otal RTX block,otal ACK/NACK R,LC U,LC D,AC U,AC D,urrent Allocate,otal Fre,ax Fre,um Alloc,um Free,primary_cell,rsrp,rsrq,rssi,snr,
0,1521,23475,16107,38362.34,123.0,-938,-860,140,894,22705,37601549,1,65,3609,75,-116,4,0,0,0,0,422,426,18,17,0,0,0,87,131,139,26112,17224,15264,293,81,1,-938,-116,-860,65,
CAPTURE END
PASSED
test_echo.py::test_echo_send at+nsocl=1
+CME ERROR: 530
AT+NSOCR=DGRAM,17,4444
1
OK
AT+NSOSTF=1,34.74.25.60,5555,0x400,3,393837
1,3
OK
+NPSMR:0
+CSCON:1
+NSONMI:1,3
+CSCON:0
AT+NSORF=1,512
1,34.74.25.60,5555,3,393837,0
OK
CAPTURE START
./logs/huawei_vodacom/testplant_14th/quectel/echo/send/5
index,
idleTime,txTime,totalTime,energy,maxCurrent,Signal power,Total power,TX power,TX time,RX time,Cell ID,ECL,SNR,EARFCN,PCI,RSRQ,OPERATOR MODE,LC UL BLE,LC DL BLE,AC UL BLE,AC DL BLE,otal TX byte,otal RX byte,otal TX block,otal RX block,otal RTX block,otal ACK/NACK R,LC U,LC D,AC U,AC D,urrent Allocate,otal Fre,ax Fre,um Alloc,um Free,primary_cell,rsrp,rsrq,rssi,snr,
0,1381,2938,1082,479.32,120.0,-941,-851,140,1113,24208,37601549,1,38,3609,75,-123,4,0,0,0,0,554,550,22,22,0,0,0,87,131,139,26144,17192,15264,315,102,1,-941,-123,-851,38,
CAPTURE END
PASSED
test_echo.py::test_echo_downlink PASSED
test_echo.py::test_echo_edrx CAPTURE START
CAPTURE END
AT+NSORF=1,512
OK
PASSED
test_echo.py::test_echo_receive at+nsocl=1
OK
AT+NSOCR=DGRAM,17,14000,1
1
OK
AT+NSOSTF=1,1.1.1.1,7,0x200,1,FF
1,1
OK
+NPSMR:0
+CSCON:1
+CSCON:0
at+nsocl=1
OK
+NPSMR:1
CAPTURE START
./logs/huawei_vodacom/testplant_14th/quectel/echo/receive/5
index,
idleTime,txTime,totalTime,energy,maxCurrent,Signal power,Total power,TX power,TX time,RX time,Cell ID,ECL,SNR,EARFCN,PCI,RSRQ,OPERATOR MODE,LC UL BLE,LC DL BLE,AC UL BLE,AC DL BLE,otal TX byte,otal RX byte,otal TX block,otal RX block,otal RTX block,otal ACK/NACK R,LC U,LC D,AC U,AC D,urrent Allocate,otal Fre,ax Fre,um Alloc,um Free,primary_cell,rsrp,rsrq,rssi,snr,
0,29926,1754,901,335.52,121.0,-944,-857,140,1313,25546,37601549,1,52,3609,75,-119,4,0,0,0,0,668,669,25,26,0,0,0,87,131,139,26112,17224,15264,335,123,1,-944,-119,-857,52,
CAPTURE END
PASSED

=========================================== 5 passed, 1 skipped, 45 deselected in 43.19 seconds ===========================================
PS C:\GIT\masters\code\tests> pytest -svk echo
=========================================================== test session starts ===========================================================
platform win32 -- Python 3.7.3, pytest-4.6.2, py-1.8.0, pluggy-0.12.0 -- c:\users\d7rob\appdata\local\programs\python\python37\python.exe
cachedir: .pytest_cache
rootdir: C:\GIT\masters\code\tests, inifile: pytest.ini
collected 51 items / 45 deselected / 6 selected                                                                                            

test_echo.py::test_echo_set SKIPPED
test_echo.py::test_echo_skip
CAPTURE START
CAPTURE END
PASSED
test_echo.py::test_echo_send at+nsocl=1
+CME ERROR: 530
AT+NSOCR=DGRAM,17,4444
1
OK
AT+NSOSTF=1,34.74.25.60,5555,0x400,512,3333333333333333333333333333333333333333333333333333333333333333333333333333333333333333333333333333333333333333333333333333333333333333333333333333333333333333333333333333333333333333333333333333333333333333333333333333333333333333333333333333333333333333333333333333333333333333333333333333333333333333333333333333333333333333333333333333333333333333333333333333333333333333333333333333333333333333333333333333333333333333333333333333333333333333333333333333333333333333333333333333333333333333333333333333333333333333333333333333333333333333333333333333333333333333333333333333333333333333333333333333333333333333333333333333333333333333333333333333333333333333333333333333333333333333333333333333333333333333333333333333333333333333333333333333333333333333333333333333333333333333333333333333333333333333333333333333333333333333333333333333333333333333333333333333333333333333333333333333333333333333333333333333333333333333333333333333333333333333333333333333333333333333333333333333333333333333333333333333333333333333
1,512
OK
+NPSMR:0
+CSCON:1
+NSONMI:1,512
+CSCON:0
AT+NSORF=1,512
1,34.74.25.60,5555,512,3333333333333333333333333333333333333333333333333333333333333333333333333333333333333333333333333333333333333333333333333333333333333333333333333333333333333333333333333333333333333333333333333333333333333333333333333333333333333333333333333333333333333333333333333333333333333333333333333333333333333333333333333333333333333333333333333333333333333333333333333333333333333333333333333333333333333333333333333333333333333333333333333333333333333333333333333333333333333333333333333333333333333333333333333333333333333333333333333333333333333333333333333333333333333333333333333333333333333333333333333333333333333333333333333333333333333333333333333333333333333333333333333333333333333333333333333333333333333333333333333333333333333333333333333333333333333333333333333333333333333333333333333333333333333333333333333333333333333333333333333333333333333333333333333333333333333333333333333333333333333333333333333333333333333333333333333333333333333333333333333333333333333333333333333333333333333333333333333333333333333333,0
OK
CAPTURE START
./logs/huawei_vodacom/testplant_14th/quectel/echo/send512/5
index,
idleTime,txTime,totalTime,energy,maxCurrent,Signal power,Total power,TX power,TX time,RX time,Cell ID,ECL,SNR,EARFCN,PCI,RSRQ,OPERATOR MODE,LC UL BLE,LC DL BLE,AC UL BLE,AC DL BLE,otal TX byte,otal RX byte,otal TX block,otal RX block,otal RTX block,otal ACK/NACK R,LC U,LC D,AC U,AC D,urrent Allocate,otal Fre,ax Fre,um Alloc,um Free,primary_cell,rsrp,rsrq,rssi,snr,
0,48185,3414,1586,1134.48,125.0,-944,-847,140,1838,27419,37601549,1,44,3609,75,-121,4,0,0,0,0,1340,1373,33,43,0,0,0,87,131,139,26144,17192,15264,354,141,1,-944,-121,-847,44,
CAPTURE END
PASSED
test_echo.py::test_echo_downlink CAPTURE START
CAPTURE END
PASSED
test_echo.py::test_echo_edrx CAPTURE START
CAPTURE END


!!!!!!!!!!!!!!!!!!!!!!!!!!!!!!!!!!!!!!!!!!!!!!!!!!!!!!!!!!!! KeyboardInterrupt !!!!!!!!!!!!!!!!!!!!!!!!!!!!!!!!!!!!!!!!!!!!!!!!!!!!!!!!!!!!
c:\users\d7rob\appdata\local\programs\python\python37\lib\site-packages\serial\serialwin32.py:290: KeyboardInterrupt
(to show a full traceback on KeyboardInterrupt use --fulltrace)
=========================================== 3 passed, 1 skipped, 45 deselected in 45.21 seconds ===========================================
PS C:\GIT\masters\code\tests> pytest -svk drx_Set
=========================================================== test session starts ===========================================================
platform win32 -- Python 3.7.3, pytest-4.6.2, py-1.8.0, pluggy-0.12.0 -- c:\users\d7rob\appdata\local\programs\python\python37\python.exe
cachedir: .pytest_cache
rootdir: C:\GIT\masters\code\tests, inifile: pytest.ini
collected 0 items / 1 errors                                                                                                               

================================================================= ERRORS ==================================================================
______________________________________________________ ERROR collecting test session ______________________________________________________
c:\users\d7rob\appdata\local\programs\python\python37\lib\genericpath.py:30: in isfile
    st = os.stat(path)
E   FileNotFoundError: [WinError 2] The system cannot find the file specified: 'C:\\GIT\\masters\\code\\tests\\logs\\ericsson_mtn\\testplant_14th\\ublox\\drx\\cap\\conftest.py'

During handling of the above exception, another exception occurred:
c:\users\d7rob\appdata\local\programs\python\python37\lib\site-packages\py\_path\common.py:313: in isfile
    return self.check(file=1)
c:\users\d7rob\appdata\local\programs\python\python37\lib\site-packages\py\_path\local.py:383: in check
    return not kw["file"] ^ isfile(self.strpath)
c:\users\d7rob\appdata\local\programs\python\python37\lib\genericpath.py:30: in isfile
    st = os.stat(path)
E   KeyboardInterrupt
!!!!!!!!!!!!!!!!!!!!!!!!!!!!!!!!!!!!!!!!!!!!!!!!! Interrupted: 1 errors during collection !!!!!!!!!!!!!!!!!!!!!!!!!!!!!!!!!!!!!!!!!!!!!!!!!
========================================================= 1 error in 1.15 seconds =========================================================
PS C:\GIT\masters\code\tests> pytest -svk drx_set
=========================================================== test session starts ===========================================================
platform win32 -- Python 3.7.3, pytest-4.6.2, py-1.8.0, pluggy-0.12.0 -- c:\users\d7rob\appdata\local\programs\python\python37\python.exe
cachedir: .pytest_cache
rootdir: C:\GIT\masters\code\tests, inifile: pytest.ini
collected 51 items / 50 deselected / 1 selected                                                                                            

test_drx.py::test_drx_set
AT+NPTWEDRXS=2,5,0100,0001
OK
at+cpsms=1,,,11000010,01000101
OK
AT+NPTWEDRXS?
+NPTWEDRXS:5,"0100","0001"
eDRX value: 10.24 seconds, Paging Time Window: 12.8 seconds
at+cpsms?
OK
+CPSMS:1,,,11000010,01000101
Active T3324: 30 minutes, Periodic T3412: 640 hours
CAPTURE START
./logs/huawei_vodacom/testplant_14th/quectel/drx/set/5
index,
idleTime,txTime,totalTime,energy,maxCurrent,Signal power,Total power,TX power,TX time,RX time,Cell ID,ECL,SNR,EARFCN,PCI,RSRQ,OPERATOR MODE,LC UL BLE,LC DL BLE,AC UL BLE,AC DL BLE,otal TX byte,otal RX byte,otal TX block,otal RX block,otal RTX block,otal ACK/NACK R,LC U,LC D,AC U,AC D,urrent Allocate,otal Fre,ax Fre,um Alloc,um Free,primary_cell,rsrp,rsrq,rssi,snr,
0,39688,13921,8491,28944.87,120.0,-924,-858,130,2116,39413,37601549,0,87,3609,75,-112,4,0,0,0,0,1445,2100,36,60,0,0,0,87,131,139,26720,16616,14744,367,152,0,-987,-108,-1513,268,
CAPTURE END
PASSED

================================================ 1 passed, 50 deselected in 18.99 seconds =================================================
PS C:\GIT\masters\code\tests> pytest -svk echo
=========================================================== test session starts ===========================================================
platform win32 -- Python 3.7.3, pytest-4.6.2, py-1.8.0, pluggy-0.12.0 -- c:\users\d7rob\appdata\local\programs\python\python37\python.exe
cachedir: .pytest_cache
rootdir: C:\GIT\masters\code\tests, inifile: pytest.ini
collected 51 items / 45 deselected / 6 selected                                                                                            

test_echo.py::test_echo_set SKIPPED
test_echo.py::test_echo_skip
CAPTURE START
./logs/huawei_vodacom/testplant_14th/quectel/echo/skip512/5
index,
idleTime,txTime,totalTime,energy,maxCurrent,Signal power,Total power,TX power,TX time,RX time,Cell ID,ECL,SNR,EARFCN,PCI,RSRQ,OPERATOR MODE,LC UL BLE,LC DL BLE,AC UL BLE,AC DL BLE,otal TX byte,otal RX byte,otal TX block,otal RX block,otal RTX block,otal ACK/NACK R,LC U,LC D,AC U,AC D,urrent Allocate,otal Fre,ax Fre,um Alloc,um Free,primary_cell,rsrp,rsrq,rssi,snr,
0,1862,698,115,4.98,78.0,-931,-862,130,2116,41806,37601549,1,53,3609,75,-119,4,0,0,0,0,1445,2100,36,60,0,0,0,87,131,139,26720,16616,14744,370,155,0,-959,-108,-1433,317,
CAPTURE END
PASSED
test_echo.py::test_echo_send at+nsocl=1
OK
AT+NSOCR=DGRAM,17,4444
1
OK
AT+NSOSTF=1,34.74.25.60,5555,0x400,512,3333333333333333333333333333333333333333333333333333333333333333333333333333333333333333333333333333333333333333333333333333333333333333333333333333333333333333333333333333333333333333333333333333333333333333333333333333333333333333333333333333333333333333333333333333333333333333333333333333333333333333333333333333333333333333333333333333333333333333333333333333333333333333333333333333333333333333333333333333333333333333333333333333333333333333333333333333333333333333333333333333333333333333333333333333333333333333333333333333333333333333333333333333333333333333333333333333333333333333333333333333333333333333333333333333333333333333333333333333333333333333333333333333333333333333333333333333333333333333333333333333333333333333333333333333333333333333333333333333333333333333333333333333333333333333333333333333333333333333333333333333333333333333333333333333333333333333333333333333333333333333333333333333333333333333333333333333333333333333333333333333333333333333333333333333333333333333333333333333333333333333
1,512
OK
+CSCON:1
+NSONMI:1,512
+CSCON:0
AT+NSORF=1,512
1,34.74.25.60,5555,512,3333333333333333333333333333333333333333333333333333333333333333333333333333333333333333333333333333333333333333333333333333333333333333333333333333333333333333333333333333333333333333333333333333333333333333333333333333333333333333333333333333333333333333333333333333333333333333333333333333333333333333333333333333333333333333333333333333333333333333333333333333333333333333333333333333333333333333333333333333333333333333333333333333333333333333333333333333333333333333333333333333333333333333333333333333333333333333333333333333333333333333333333333333333333333333333333333333333333333333333333333333333333333333333333333333333333333333333333333333333333333333333333333333333333333333333333333333333333333333333333333333333333333333333333333333333333333333333333333333333333333333333333333333333333333333333333333333333333333333333333333333333333333333333333333333333333333333333333333333333333333333333333333333333333333333333333333333333333333333333333333333333333333333333333333333333333333333333333333333333333333333,0
OK
CAPTURE START
./logs/huawei_vodacom/testplant_14th/quectel/echo/send512/5
0,1469,2199,1271,772.34,120.0,-928,-827,130,2637,43072,37601549,1,16,3609,75,-132,4,0,0,0,0,2117,2804,44,77,0,0,0,87,131,139,26144,17192,15264,389,176,1,-928,-132,-827,16,
CAPTURE END
PASSED
test_echo.py::test_echo_downlink CAPTURE START
./logs/huawei_vodacom/testplant_14th/quectel/echo/downlink512/5
index,
idleTime,txTime,totalTime,energy,maxCurrent,Signal power,Total power,TX power,TX time,RX time,Cell ID,ECL,SNR,EARFCN,PCI,RSRQ,OPERATOR MODE,LC UL BLE,LC DL BLE,AC UL BLE,AC DL BLE,otal TX byte,otal RX byte,otal TX block,otal RX block,otal RTX block,otal ACK/NACK R,LC U,LC D,AC U,AC D,urrent Allocate,otal Fre,ax Fre,um Alloc,um Free,primary_cell,rsrp,rsrq,rssi,snr,
0,1383,869,403,58.59,75.0,-928,-835,130,2637,43996,37601549,1,19,3609,75,-131,4,0,0,0,0,2117,2804,44,77,0,0,0,87,131,139,26144,17192,15264,392,179,0,-963,-108,-1433,317,
CAPTURE END
PASSED
test_echo.py::test_echo_edrx CAPTURE START
./logs/huawei_vodacom/testplant_14th/quectel/echo/edrx512/5
index,
idleTime,txTime,totalTime,energy,maxCurrent,Signal power,Total power,TX power,TX time,RX time,Cell ID,ECL,SNR,EARFCN,PCI,RSRQ,OPERATOR MODE,LC UL BLE,LC DL BLE,AC UL BLE,AC DL BLE,otal TX byte,otal RX byte,otal TX block,otal RX block,otal RTX block,otal ACK/NACK R,LC U,LC D,AC U,AC D,urrent Allocate,otal Fre,ax Fre,um Alloc,um Free,primary_cell,rsrp,rsrq,rssi,snr,
0,1061,699,100,3.74,80.0,-926,-837,130,2637,44484,37601549,1,23,3609,75,-129,4,0,0,0,0,2117,2804,44,77,0,0,0,87,131,139,26144,17192,15264,395,182,0,-957,-108,-1433,317,
./logs/huawei_vodacom/testplant_14th/quectel/echo/edrx512/5
1,1862,698,115,4.98,105.0,-926,-842,130,2637,45021,37601549,1,32,3609,75,-126,4,0,0,0,0,2117,2804,44,77,0,0,0,87,131,139,26144,17192,15264,398,185,0,-957,-108,-1433,317,
CAPTURE END
+CSCON:1
+NSONMI:1,512
AT+NSORF=1,512
1,34.74.25.60,5555,512,3333333333333333333333333333333333333333333333333333333333333333333333333333333333333333333333333333333333333333333333333333333333333333333333333333333333333333333333333333333333333333333333333333333333333333333333333333333333333333333333333333333333333333333333333333333333333333333333333333333333333333333333333333333333333333333333333333333333333333333333333333333333333333333333333333333333333333333333333333333333333333333333333333333333333333333333333333333333333333333333333333333333333333333333333333333333333333333333333333333333333333333333333333333333333333333333333333333333333333333333333333333333333333333333333333333333333333333333333333333333333333333333333333333333333333333333333333333333333333333333333333333333333333333333333333333333333333333333333333333333333333333333333333333333333333333333333333333333333333333333333333333333333333333333333333333333333333333333333333333333333333333333333333333333333333333333333333333333333333333333333333333333333333333333333333333333333333333333333333333333333333,0
OK
PASSED
test_echo.py::test_echo_receive at+nsocl=1
OK
AT+NSOCR=DGRAM,17,14000,1
1
OK
AT+NSOSTF=1,1.1.1.1,7,0x200,1,FF
1,1
OK
+CSCON:0
at+nsocl=1
OK
CAPTURE START
./logs/huawei_vodacom/testplant_14th/quectel/echo/receive512/5
index,
idleTime,txTime,totalTime,energy,maxCurrent,Signal power,Total power,TX power,TX time,RX time,Cell ID,ECL,SNR,EARFCN,PCI,RSRQ,OPERATOR MODE,LC UL BLE,LC DL BLE,AC UL BLE,AC DL BLE,otal TX byte,otal RX byte,otal TX block,otal RX block,otal RTX block,otal ACK/NACK R,LC U,LC D,AC U,AC D,urrent Allocate,otal Fre,ax Fre,um Alloc,um Free,primary_cell,rsrp,rsrq,rssi,snr,
0,1861,4129,2138,1984.54,122.0,-935,-850,130,3085,48546,37601549,1,43,3609,75,-122,4,0,0,0,0,2267,3526,50,95,0,0,0,87,131,139,26112,17224,15264,420,208,0,-936,-108,-1433,317,
CAPTURE END
PASSED

=========================================== 5 passed, 1 skipped, 45 deselected in 21.74 seconds ===========================================
PS C:\GIT\masters\code\tests> pytest -svk echo
=========================================================== test session starts ===========================================================
platform win32 -- Python 3.7.3, pytest-4.6.2, py-1.8.0, pluggy-0.12.0 -- c:\users\d7rob\appdata\local\programs\python\python37\python.exe
cachedir: .pytest_cache
rootdir: C:\GIT\masters\code\tests, inifile: pytest.ini
collected 51 items / 45 deselected / 6 selected                                                                                            

test_echo.py::test_echo_set SKIPPED
test_echo.py::test_echo_skip
CAPTURE START
./logs/huawei_vodacom/testplant_14th/quectel/echo/skip512/10
index,
idleTime,txTime,totalTime,energy,maxCurrent,Signal power,Total power,TX power,TX time,RX time,Cell ID,ECL,SNR,EARFCN,PCI,RSRQ,OPERATOR MODE,LC UL BLE,LC DL BLE,AC UL BLE,AC DL BLE,otal TX byte,otal RX byte,otal TX block,otal RX block,otal RTX block,otal ACK/NACK R,LC U,LC D,AC U,AC D,urrent Allocate,otal Fre,ax Fre,um Alloc,um Free,primary_cell,rsrp,rsrq,rssi,snr,
0,1863,697,124,5.66,77.0,-992,-922,130,3085,53047,37601549,1,56,3609,75,-118,4,0,0,0,0,2267,3526,50,95,0,0,0,87,131,139,26112,17224,15264,423,211,0,-1026,-108,-1513,317,
CAPTURE END
PASSED
test_echo.py::test_echo_send at+nsocl=1
+CME ERROR: 530
AT+NSOCR=DGRAM,17,4444
1
OK
AT+NSOSTF=1,34.74.25.60,5555,0x400,512,3333333333333333333333333333333333333333333333333333333333333333333333333333333333333333333333333333333333333333333333333333333333333333333333333333333333333333333333333333333333333333333333333333333333333333333333333333333333333333333333333333333333333333333333333333333333333333333333333333333333333333333333333333333333333333333333333333333333333333333333333333333333333333333333333333333333333333333333333333333333333333333333333333333333333333333333333333333333333333333333333333333333333333333333333333333333333333333333333333333333333333333333333333333333333333333333333333333333333333333333333333333333333333333333333333333333333333333333333333333333333333333333333333333333333333333333333333333333333333333333333333333333333333333333333333333333333333333333333333333333333333333333333333333333333333333333333333333333333333333333333333333333333333333333333333333333333333333333333333333333333333333333333333333333333333333333333333333333333333333333333333333333333333333333333333333333333333333333333333333333333333
1,512
OK
+CSCON:1
+NSONMI:1,512
+CSCON:0
AT+NSORF=1,512
1,34.74.25.60,5555,512,3333333333333333333333333333333333333333333333333333333333333333333333333333333333333333333333333333333333333333333333333333333333333333333333333333333333333333333333333333333333333333333333333333333333333333333333333333333333333333333333333333333333333333333333333333333333333333333333333333333333333333333333333333333333333333333333333333333333333333333333333333333333333333333333333333333333333333333333333333333333333333333333333333333333333333333333333333333333333333333333333333333333333333333333333333333333333333333333333333333333333333333333333333333333333333333333333333333333333333333333333333333333333333333333333333333333333333333333333333333333333333333333333333333333333333333333333333333333333333333333333333333333333333333333333333333333333333333333333333333333333333333333333333333333333333333333333333333333333333333333333333333333333333333333333333333333333333333333333333333333333333333333333333333333333333333333333333333333333333333333333333333333333333333333333333333333333333333333333333333333333333,0
OK
CAPTURE START
./logs/huawei_vodacom/testplant_14th/quectel/echo/send512/10
index,
idleTime,txTime,totalTime,energy,maxCurrent,Signal power,Total power,TX power,TX time,RX time,Cell ID,ECL,SNR,EARFCN,PCI,RSRQ,OPERATOR MODE,LC UL BLE,LC DL BLE,AC UL BLE,AC DL BLE,otal TX byte,otal RX byte,otal TX block,otal RX block,otal RTX block,otal ACK/NACK R,LC U,LC D,AC U,AC D,urrent Allocate,otal Fre,ax Fre,um Alloc,um Free,primary_cell,rsrp,rsrq,rssi,snr,
0,1466,1804,905,445.22,127.0,-989,-903,180,3622,54048,37601549,1,56,3609,75,-118,4,0,0,0,0,2939,4230,58,112,0,0,0,87,131,139,26144,17192,15264,442,229,1,-989,-118,-903,56,
CAPTURE END
PASSED
test_echo.py::test_echo_downlink CAPTURE START
./logs/huawei_vodacom/testplant_14th/quectel/echo/downlink512/10
index,
idleTime,txTime,totalTime,energy,maxCurrent,Signal power,Total power,TX power,TX time,RX time,Cell ID,ECL,SNR,EARFCN,PCI,RSRQ,OPERATOR MODE,LC UL BLE,LC DL BLE,AC UL BLE,AC DL BLE,otal TX byte,otal RX byte,otal TX block,otal RX block,otal RTX block,otal ACK/NACK R,LC U,LC D,AC U,AC D,urrent Allocate,otal Fre,ax Fre,um Alloc,um Free,primary_cell,rsrp,rsrq,rssi,snr,
0,1481,1169,473,81.09,99.0,-987,-908,180,3622,55058,37601549,1,52,3609,75,-119,4,0,0,0,0,2939,4230,58,112,0,0,0,87,131,139,26144,17192,15264,445,232,0,-1031,-108,-1513,317,
CAPTURE END
PASSED
test_echo.py::test_echo_edrx CAPTURE START
./logs/huawei_vodacom/testplant_14th/quectel/echo/edrx512/10
index,
idleTime,txTime,totalTime,energy,maxCurrent,Signal power,Total power,TX power,TX time,RX time,Cell ID,ECL,SNR,EARFCN,PCI,RSRQ,OPERATOR MODE,LC UL BLE,LC DL BLE,AC UL BLE,AC DL BLE,otal TX byte,otal RX byte,otal TX block,otal RX block,otal RTX block,otal ACK/NACK R,LC U,LC D,AC U,AC D,urrent Allocate,otal Fre,ax Fre,um Alloc,um Free,primary_cell,rsrp,rsrq,rssi,snr,
0,1062,698,90,3.13,102.0,-986,-907,180,3622,55547,37601549,1,48,3609,75,-120,4,0,0,0,0,2939,4230,58,112,0,0,0,87,131,139,26144,17192,15264,448,235,0,-1027,-108,-1513,317,
./logs/huawei_vodacom/testplant_14th/quectel/echo/edrx512/10
1,1862,698,124,5.67,79.0,-984,-907,180,3622,56084,37601549,1,48,3609,75,-120,4,0,0,0,0,2939,4230,58,112,0,0,0,87,131,139,26144,17192,15264,451,238,0,-1017,-108,-1513,317,
CAPTURE END
+CSCON:1
+NSONMI:1,512
AT+NSORF=1,512
1,34.74.25.60,5555,512,3333333333333333333333333333333333333333333333333333333333333333333333333333333333333333333333333333333333333333333333333333333333333333333333333333333333333333333333333333333333333333333333333333333333333333333333333333333333333333333333333333333333333333333333333333333333333333333333333333333333333333333333333333333333333333333333333333333333333333333333333333333333333333333333333333333333333333333333333333333333333333333333333333333333333333333333333333333333333333333333333333333333333333333333333333333333333333333333333333333333333333333333333333333333333333333333333333333333333333333333333333333333333333333333333333333333333333333333333333333333333333333333333333333333333333333333333333333333333333333333333333333333333333333333333333333333333333333333333333333333333333333333333333333333333333333333333333333333333333333333333333333333333333333333333333333333333333333333333333333333333333333333333333333333333333333333333333333333333333333333333333333333333333333333333333333333333333333333333333333333333333,0
OK
PASSED
test_echo.py::test_echo_receive at+nsocl=1
OK
AT+NSOCR=DGRAM,17,14000,1
1
OK
AT+NSOSTF=1,1.1.1.1,7,0x200,1,FF
1,1
OK
+CSCON:0
at+nsocl=1
OK
CAPTURE START
./logs/huawei_vodacom/testplant_14th/quectel/echo/receive512/10
index,
idleTime,txTime,totalTime,energy,maxCurrent,Signal power,Total power,TX power,TX time,RX time,Cell ID,ECL,SNR,EARFCN,PCI,RSRQ,OPERATOR MODE,LC UL BLE,LC DL BLE,AC UL BLE,AC DL BLE,otal TX byte,otal RX byte,otal TX block,otal RX block,otal RTX block,otal ACK/NACK R,LC U,LC D,AC U,AC D,urrent Allocate,otal Fre,ax Fre,um Alloc,um Free,primary_cell,rsrp,rsrq,rssi,snr,
0,1861,4208,1927,1596.17,127.0,-990,-904,170,4066,59690,37601549,1,40,3609,75,-122,4,0,0,0,0,3089,4952,64,130,0,0,0,87,131,139,26112,17224,15264,473,261,0,-1021,-108,-1513,317,
CAPTURE END
PASSED

=========================================== 5 passed, 1 skipped, 45 deselected in 23.53 seconds ===========================================
PS C:\GIT\masters\code\tests> pytest -svk echo
=========================================================== test session starts ===========================================================
platform win32 -- Python 3.7.3, pytest-4.6.2, py-1.8.0, pluggy-0.12.0 -- c:\users\d7rob\appdata\local\programs\python\python37\python.exe
cachedir: .pytest_cache
rootdir: C:\GIT\masters\code\tests, inifile: pytest.ini
collected 51 items / 45 deselected / 6 selected                                                                                            

test_echo.py::test_echo_set SKIPPED
test_echo.py::test_echo_skip
CAPTURE START
./logs/huawei_vodacom/testplant_14th/quectel/echo/skip512/20
index,
idleTime,txTime,totalTime,energy,maxCurrent,Signal power,Total power,TX power,TX time,RX time,Cell ID,ECL,SNR,EARFCN,PCI,RSRQ,OPERATOR MODE,LC UL BLE,LC DL BLE,AC UL BLE,AC DL BLE,otal TX byte,otal RX byte,otal TX block,otal RX block,otal RTX block,otal ACK/NACK R,LC U,LC D,AC U,AC D,urrent Allocate,otal Fre,ax Fre,um Alloc,um Free,primary_cell,rsrp,rsrq,rssi,snr,
0,1861,699,116,5.02,78.0,-1067,-996,170,4066,63098,37601549,1,55,3609,75,-118,4,0,0,0,0,3089,4952,64,130,0,0,0,87,131,139,26112,17224,15264,476,264,0,-1131,-108,-1513,317,
CAPTURE END
PASSED
test_echo.py::test_echo_send at+nsocl=1
+CME ERROR: 530
AT+NSOCR=DGRAM,17,4444
1
OK
AT+NSOSTF=1,34.74.25.60,5555,0x400,512,3333333333333333333333333333333333333333333333333333333333333333333333333333333333333333333333333333333333333333333333333333333333333333333333333333333333333333333333333333333333333333333333333333333333333333333333333333333333333333333333333333333333333333333333333333333333333333333333333333333333333333333333333333333333333333333333333333333333333333333333333333333333333333333333333333333333333333333333333333333333333333333333333333333333333333333333333333333333333333333333333333333333333333333333333333333333333333333333333333333333333333333333333333333333333333333333333333333333333333333333333333333333333333333333333333333333333333333333333333333333333333333333333333333333333333333333333333333333333333333333333333333333333333333333333333333333333333333333333333333333333333333333333333333333333333333333333333333333333333333333333333333333333333333333333333333333333333333333333333333333333333333333333333333333333333333333333333333333333333333333333333333333333333333333333333333333333333333333333333333333333333
1,512
OK
+CSCON:1
+NSONMI:1,512
+CSCON:0
AT+NSORF=1,512
1,34.74.25.60,5555,512,3333333333333333333333333333333333333333333333333333333333333333333333333333333333333333333333333333333333333333333333333333333333333333333333333333333333333333333333333333333333333333333333333333333333333333333333333333333333333333333333333333333333333333333333333333333333333333333333333333333333333333333333333333333333333333333333333333333333333333333333333333333333333333333333333333333333333333333333333333333333333333333333333333333333333333333333333333333333333333333333333333333333333333333333333333333333333333333333333333333333333333333333333333333333333333333333333333333333333333333333333333333333333333333333333333333333333333333333333333333333333333333333333333333333333333333333333333333333333333333333333333333333333333333333333333333333333333333333333333333333333333333333333333333333333333333333333333333333333333333333333333333333333333333333333333333333333333333333333333333333333333333333333333333333333333333333333333333333333333333333333333333333333333333333333333333333333333333333333333333333333333,0
OK
CAPTURE START
./logs/huawei_vodacom/testplant_14th/quectel/echo/send512/20
index,
idleTime,txTime,totalTime,energy,maxCurrent,Signal power,Total power,TX power,TX time,RX time,Cell ID,ECL,SNR,EARFCN,PCI,RSRQ,OPERATOR MODE,LC UL BLE,LC DL BLE,AC UL BLE,AC DL BLE,otal TX byte,otal RX byte,otal TX block,otal RX block,otal RTX block,otal ACK/NACK R,LC U,LC D,AC U,AC D,urrent Allocate,otal Fre,ax Fre,um Alloc,um Free,primary_cell,rsrp,rsrq,rssi,snr,
0,1479,2189,1286,696.1,125.0,-1091,-999,230,4586,64354,37601549,1,26,3609,75,-127,4,0,0,0,0,3761,5656,72,147,0,0,0,87,131,139,26144,17192,15264,495,282,1,-1091,-127,-999,26,
CAPTURE END
PASSED
test_echo.py::test_echo_downlink CAPTURE START
./logs/huawei_vodacom/testplant_14th/quectel/echo/downlink512/20
index,
idleTime,txTime,totalTime,energy,maxCurrent,Signal power,Total power,TX power,TX time,RX time,Cell ID,ECL,SNR,EARFCN,PCI,RSRQ,OPERATOR MODE,LC UL BLE,LC DL BLE,AC UL BLE,AC DL BLE,otal TX byte,otal RX byte,otal TX block,otal RX block,otal RTX block,otal ACK/NACK R,LC U,LC D,AC U,AC D,urrent Allocate,otal Fre,ax Fre,um Alloc,um Free,primary_cell,rsrp,rsrq,rssi,snr,
0,1382,870,404,58.52,79.0,-1089,-1003,230,4586,65280,37601549,1,29,3609,75,-126,4,0,0,0,0,3761,5656,72,147,0,0,0,87,131,139,26144,17192,15264,498,285,0,-1123,-108,-1513,317,
CAPTURE END
PASSED
test_echo.py::test_echo_edrx CAPTURE START
./logs/huawei_vodacom/testplant_14th/quectel/echo/edrx512/20
index,
idleTime,txTime,totalTime,energy,maxCurrent,Signal power,Total power,TX power,TX time,RX time,Cell ID,ECL,SNR,EARFCN,PCI,RSRQ,OPERATOR MODE,LC UL BLE,LC DL BLE,AC UL BLE,AC DL BLE,otal TX byte,otal RX byte,otal TX block,otal RX block,otal RTX block,otal ACK/NACK R,LC U,LC D,AC U,AC D,urrent Allocate,otal Fre,ax Fre,um Alloc,um Free,primary_cell,rsrp,rsrq,rssi,snr,
0,1061,698,100,3.72,78.0,-1090,-1004,230,4586,65768,37601549,1,31,3609,75,-126,4,0,0,0,0,3761,5656,72,147,0,0,0,87,131,139,26144,17192,15264,501,288,0,-1124,-108,-1513,317,
./logs/huawei_vodacom/testplant_14th/quectel/echo/edrx512/20
1,1862,698,114,4.91,79.0,-1093,-1007,230,4586,66305,37601549,1,31,3609,75,-126,4,0,0,0,0,3761,5656,72,147,0,0,0,87,131,139,26144,17192,15264,504,291,0,-1125,-108,-1513,317,
CAPTURE END
+CSCON:1
+NSONMI:1,512
AT+NSORF=1,512
1,34.74.25.60,5555,512,3333333333333333333333333333333333333333333333333333333333333333333333333333333333333333333333333333333333333333333333333333333333333333333333333333333333333333333333333333333333333333333333333333333333333333333333333333333333333333333333333333333333333333333333333333333333333333333333333333333333333333333333333333333333333333333333333333333333333333333333333333333333333333333333333333333333333333333333333333333333333333333333333333333333333333333333333333333333333333333333333333333333333333333333333333333333333333333333333333333333333333333333333333333333333333333333333333333333333333333333333333333333333333333333333333333333333333333333333333333333333333333333333333333333333333333333333333333333333333333333333333333333333333333333333333333333333333333333333333333333333333333333333333333333333333333333333333333333333333333333333333333333333333333333333333333333333333333333333333333333333333333333333333333333333333333333333333333333333333333333333333333333333333333333333333333333333333333333333333333333333333,0
OK
PASSED
test_echo.py::test_echo_receive at+nsocl=1
OK
AT+NSOCR=DGRAM,17,14000,1
1
OK
AT+NSOSTF=1,1.1.1.1,7,0x200,1,FF
1,1
OK
+CSCON:0
at+nsocl=1
OK
CAPTURE START
./logs/huawei_vodacom/testplant_14th/quectel/echo/receive512/20
index,
idleTime,txTime,totalTime,energy,maxCurrent,Signal power,Total power,TX power,TX time,RX time,Cell ID,ECL,SNR,EARFCN,PCI,RSRQ,OPERATOR MODE,LC UL BLE,LC DL BLE,AC UL BLE,AC DL BLE,otal TX byte,otal RX byte,otal TX block,otal RX block,otal RTX block,otal ACK/NACK R,LC U,LC D,AC U,AC D,urrent Allocate,otal Fre,ax Fre,um Alloc,um Free,primary_cell,rsrp,rsrq,rssi,snr,
0,1862,4127,2101,1820.66,124.0,-1090,-1006,230,5037,69828,37601549,1,46,3609,75,-122,4,0,0,0,0,3911,6378,78,165,0,0,0,87,131,139,26112,17224,15264,526,314,0,-1129,-108,-1513,317,
CAPTURE END
PASSED

=========================================== 5 passed, 1 skipped, 45 deselected in 21.50 seconds ===========================================
PS C:\GIT\masters\code\tests> pytest -svk echo
=========================================================== test session starts ===========================================================
platform win32 -- Python 3.7.3, pytest-4.6.2, py-1.8.0, pluggy-0.12.0 -- c:\users\d7rob\appdata\local\programs\python\python37\python.exe
cachedir: .pytest_cache
rootdir: C:\GIT\masters\code\tests, inifile: pytest.ini
collected 51 items / 45 deselected / 6 selected                                                                                            

test_echo.py::test_echo_set SKIPPED
test_echo.py::test_echo_skip
CAPTURE START
./logs/huawei_vodacom/testplant_14th/quectel/echo/skip512/30
index,
idleTime,txTime,totalTime,energy,maxCurrent,Signal power,Total power,TX power,TX time,RX time,Cell ID,ECL,SNR,EARFCN,PCI,RSRQ,OPERATOR MODE,LC UL BLE,LC DL BLE,AC UL BLE,AC DL BLE,otal TX byte,otal RX byte,otal TX block,otal RX block,otal RTX block,otal ACK/NACK R,LC U,LC D,AC U,AC D,urrent Allocate,otal Fre,ax Fre,um Alloc,um Free,primary_cell,rsrp,rsrq,rssi,snr,
0,1861,699,124,5.66,79.0,-1123,-1055,230,5037,73258,37601549,1,56,3609,75,-119,4,0,0,0,0,3911,6378,78,165,0,0,0,87,131,139,26112,17224,15264,529,317,0,-1232,-108,-1513,254,
CAPTURE END
PASSED
test_echo.py::test_echo_send at+nsocl=1
+CME ERROR: 530
AT+NSOCR=DGRAM,17,4444
1
OK
AT+NSOSTF=1,34.74.25.60,5555,0x400,512,3333333333333333333333333333333333333333333333333333333333333333333333333333333333333333333333333333333333333333333333333333333333333333333333333333333333333333333333333333333333333333333333333333333333333333333333333333333333333333333333333333333333333333333333333333333333333333333333333333333333333333333333333333333333333333333333333333333333333333333333333333333333333333333333333333333333333333333333333333333333333333333333333333333333333333333333333333333333333333333333333333333333333333333333333333333333333333333333333333333333333333333333333333333333333333333333333333333333333333333333333333333333333333333333333333333333333333333333333333333333333333333333333333333333333333333333333333333333333333333333333333333333333333333333333333333333333333333333333333333333333333333333333333333333333333333333333333333333333333333333333333333333333333333333333333333333333333333333333333333333333333333333333333333333333333333333333333333333333333333333333333333333333333333333333333333333333333333333333333333333333333
1,512
OK
+CSCON:1
+NSONMI:1,512
+CSCON:0
AT+NSORF=1,512
1,34.74.25.60,5555,512,3333333333333333333333333333333333333333333333333333333333333333333333333333333333333333333333333333333333333333333333333333333333333333333333333333333333333333333333333333333333333333333333333333333333333333333333333333333333333333333333333333333333333333333333333333333333333333333333333333333333333333333333333333333333333333333333333333333333333333333333333333333333333333333333333333333333333333333333333333333333333333333333333333333333333333333333333333333333333333333333333333333333333333333333333333333333333333333333333333333333333333333333333333333333333333333333333333333333333333333333333333333333333333333333333333333333333333333333333333333333333333333333333333333333333333333333333333333333333333333333333333333333333333333333333333333333333333333333333333333333333333333333333333333333333333333333333333333333333333333333333333333333333333333333333333333333333333333333333333333333333333333333333333333333333333333333333333333333333333333333333333333333333333333333333333333333333333333333333333333333333333,0
OK
CAPTURE START
./logs/huawei_vodacom/testplant_14th/quectel/echo/send512/30
index,
idleTime,txTime,totalTime,energy,maxCurrent,Signal power,Total power,TX power,TX time,RX time,Cell ID,ECL,SNR,EARFCN,PCI,RSRQ,OPERATOR MODE,LC UL BLE,LC DL BLE,AC UL BLE,AC DL BLE,otal TX byte,otal RX byte,otal TX block,otal RX block,otal RTX block,otal ACK/NACK R,LC U,LC D,AC U,AC D,urrent Allocate,otal Fre,ax Fre,um Alloc,um Free,primary_cell,rsrp,rsrq,rssi,snr,
0,1463,1806,1033,489.05,126.0,-1175,-1084,230,5574,74260,37601549,2,58,3609,75,-118,4,0,0,0,0,4583,7082,86,182,0,0,0,87,131,139,26144,17192,15264,548,335,1,-1175,-118,-1084,58,
CAPTURE END
PASSED
test_echo.py::test_echo_downlink CAPTURE START
./logs/huawei_vodacom/testplant_14th/quectel/echo/downlink512/30
index,
idleTime,txTime,totalTime,energy,maxCurrent,Signal power,Total power,TX power,TX time,RX time,Cell ID,ECL,SNR,EARFCN,PCI,RSRQ,OPERATOR MODE,LC UL BLE,LC DL BLE,AC UL BLE,AC DL BLE,otal TX byte,otal RX byte,otal TX block,otal RX block,otal RTX block,otal ACK/NACK R,LC U,LC D,AC U,AC D,urrent Allocate,otal Fre,ax Fre,um Alloc,um Free,primary_cell,rsrp,rsrq,rssi,snr,
0,1482,869,355,46.54,90.0,-1180,-1094,230,5574,74940,37601549,1,43,3609,75,-121,4,0,0,0,0,4583,7082,86,182,0,0,0,87,131,139,26144,17192,15264,551,338,0,-1231,-108,-1513,315,
CAPTURE END
PASSED
test_echo.py::test_echo_edrx CAPTURE START
./logs/huawei_vodacom/testplant_14th/quectel/echo/edrx512/30
index,
idleTime,txTime,totalTime,energy,maxCurrent,Signal power,Total power,TX power,TX time,RX time,Cell ID,ECL,SNR,EARFCN,PCI,RSRQ,OPERATOR MODE,LC UL BLE,LC DL BLE,AC UL BLE,AC DL BLE,otal TX byte,otal RX byte,otal TX block,otal RX block,otal RTX block,otal ACK/NACK R,LC U,LC D,AC U,AC D,urrent Allocate,otal Fre,ax Fre,um Alloc,um Free,primary_cell,rsrp,rsrq,rssi,snr,
0,1526,454,88,2.93,101.0,-1183,-1094,230,5574,75266,37601549,1,37,3609,75,-123,4,0,0,0,0,4583,7082,86,182,0,0,0,87,131,139,26144,17192,15264,554,341,0,-1238,-108,-1513,307,
./logs/huawei_vodacom/testplant_14th/quectel/echo/edrx512/30
1,2105,475,97,3.47,77.0,-1182,-1094,230,5574,75613,37601549,1,38,3609,75,-123,4,0,0,0,0,4583,7082,86,182,0,0,0,87,131,139,26144,17192,15264,557,344,0,-1233,-108,-1513,243,
CAPTURE END
+CSCON:1
+NSONMI:1,512
AT+NSORF=1,512
1,34.74.25.60,5555,512,3333333333333333333333333333333333333333333333333333333333333333333333333333333333333333333333333333333333333333333333333333333333333333333333333333333333333333333333333333333333333333333333333333333333333333333333333333333333333333333333333333333333333333333333333333333333333333333333333333333333333333333333333333333333333333333333333333333333333333333333333333333333333333333333333333333333333333333333333333333333333333333333333333333333333333333333333333333333333333333333333333333333333333333333333333333333333333333333333333333333333333333333333333333333333333333333333333333333333333333333333333333333333333333333333333333333333333333333333333333333333333333333333333333333333333333333333333333333333333333333333333333333333333333333333333333333333333333333333333333333333333333333333333333333333333333333333333333333333333333333333333333333333333333333333333333333333333333333333333333333333333333333333333333333333333333333333333333333333333333333333333333333333333333333333333333333333333333333333333333333333333,0
OK
PASSED
test_echo.py::test_echo_receive at+nsocl=1
OK
AT+NSOCR=DGRAM,17,14000,1
1
OK
AT+NSOSTF=1,1.1.1.1,7,0x200,1,FF
1,1
OK
+CSCON:0
at+nsocl=1
OK
CAPTURE START
./logs/huawei_vodacom/testplant_14th/quectel/echo/receive512/30
index,
idleTime,txTime,totalTime,energy,maxCurrent,Signal power,Total power,TX power,TX time,RX time,Cell ID,ECL,SNR,EARFCN,PCI,RSRQ,OPERATOR MODE,LC UL BLE,LC DL BLE,AC UL BLE,AC DL BLE,otal TX byte,otal RX byte,otal TX block,otal RX block,otal RTX block,otal ACK/NACK R,LC U,LC D,AC U,AC D,urrent Allocate,otal Fre,ax Fre,um Alloc,um Free,primary_cell,rsrp,rsrq,rssi,snr,
0,2085,5483,3327,5035.06,121.0,-1199,-1093,230,7236,78555,37601549,2,39,3609,75,-124,4,0,0,0,0,4733,7804,92,200,0,0,143,1122,224,1349,26112,17224,15264,579,367,1,-1199,-124,-1093,39,
CAPTURE END
PASSED

=========================================== 5 passed, 1 skipped, 45 deselected in 22.99 seconds ===========================================
PS C:\GIT\masters\code\tests> pytest -svk echo
=========================================================== test session starts ===========================================================
platform win32 -- Python 3.7.3, pytest-4.6.2, py-1.8.0, pluggy-0.12.0 -- c:\users\d7rob\appdata\local\programs\python\python37\python.exe
cachedir: .pytest_cache
rootdir: C:\GIT\masters\code\tests, inifile: pytest.ini
collected 51 items / 45 deselected / 6 selected                                                                                            

test_echo.py::test_echo_set SKIPPED
test_echo.py::test_echo_skip
CAPTURE START
./logs/huawei_vodacom/testplant_14th/quectel/echo/skip512/40
index,
idleTime,txTime,totalTime,energy,maxCurrent,Signal power,Total power,TX power,TX time,RX time,Cell ID,ECL,SNR,EARFCN,PCI,RSRQ,OPERATOR MODE,LC UL BLE,LC DL BLE,AC UL BLE,AC DL BLE,otal TX byte,otal RX byte,otal TX block,otal RX block,otal RTX block,otal ACK/NACK R,LC U,LC D,AC U,AC D,urrent Allocate,otal Fre,ax Fre,um Alloc,um Free,primary_cell,rsrp,rsrq,rssi,snr,
0,1622,938,172,10.67,79.0,-1250,-1126,230,7236,84091,37601549,2,-13,3609,75,-148,4,0,0,0,0,4733,7804,92,200,0,0,143,1122,224,1349,26112,17224,15264,582,370,0,-1308,-110,-1513,97,
CAPTURE END
PASSED
test_echo.py::test_echo_send at+nsocl=1
+CME ERROR: 530
AT+NSOCR=DGRAM,17,4444
1
OK
AT+NSOSTF=1,34.74.25.60,5555,0x400,512,3333333333333333333333333333333333333333333333333333333333333333333333333333333333333333333333333333333333333333333333333333333333333333333333333333333333333333333333333333333333333333333333333333333333333333333333333333333333333333333333333333333333333333333333333333333333333333333333333333333333333333333333333333333333333333333333333333333333333333333333333333333333333333333333333333333333333333333333333333333333333333333333333333333333333333333333333333333333333333333333333333333333333333333333333333333333333333333333333333333333333333333333333333333333333333333333333333333333333333333333333333333333333333333333333333333333333333333333333333333333333333333333333333333333333333333333333333333333333333333333333333333333333333333333333333333333333333333333333333333333333333333333333333333333333333333333333333333333333333333333333333333333333333333333333333333333333333333333333333333333333333333333333333333333333333333333333333333333333333333333333333333333333333333333333333333333333333333333333333333333333333
1,512
OK
+CSCON:1
+NSONMI:1,512
+CSCON:0
AT+NSORF=1,512
1,34.74.25.60,5555,512,3333333333333333333333333333333333333333333333333333333333333333333333333333333333333333333333333333333333333333333333333333333333333333333333333333333333333333333333333333333333333333333333333333333333333333333333333333333333333333333333333333333333333333333333333333333333333333333333333333333333333333333333333333333333333333333333333333333333333333333333333333333333333333333333333333333333333333333333333333333333333333333333333333333333333333333333333333333333333333333333333333333333333333333333333333333333333333333333333333333333333333333333333333333333333333333333333333333333333333333333333333333333333333333333333333333333333333333333333333333333333333333333333333333333333333333333333333333333333333333333333333333333333333333333333333333333333333333333333333333333333333333333333333333333333333333333333333333333333333333333333333333333333333333333333333333333333333333333333333333333333333333333333333333333333333333333333333333333333333333333333333333333333333333333333333333333333333333333333333333333333333,0
OK
CAPTURE START
CAPTURE END
PASSED
test_echo.py::test_echo_downlink CAPTURE START
CAPTURE END
PASSED
test_echo.py::test_echo_edrx CAPTURE START
CAPTURE END
+CEREG:4,9C40,023DC10D,9,,
AT+NSORF=1,512
OK
PASSED
test_echo.py::test_echo_receive at+nsocl=1
OK
AT+NSOCR=DGRAM,17,14000,1
1
OK
AT+NSOSTF=1,1.1.1.1,7,0x200,1,FF
1,1
OK
+CEREG:1,9C40,01BA6317,9,,
+CSCON:1
+CSCON:0
at+nsocl=1
OK
+CEREG:4,9C40,01BA6317,9,,
CAPTURE START
./logs/huawei_vodacom/testplant_14th/quectel/echo/receive512/40
index,
idleTime,txTime,totalTime,energy,maxCurrent,Signal power,Total power,TX power,TX time,RX time,Cell ID,ECL,SNR,EARFCN,PCI,RSRQ,OPERATOR MODE,LC UL BLE,LC DL BLE,AC UL BLE,AC DL BLE,otal TX byte,otal RX byte,otal TX block,otal RX block,otal RTX block,otal ACK/NACK R,LC U,LC D,AC U,AC D,urrent Allocate,otal Fre,ax Fre,um Alloc,um Free,primary_cell,rsrp,rsrq,rssi,snr,
0,1486,92979,64939,68051.93,127.0,-1278,-1140,-32768,0,27456,28992279,2,-29,3609,417,-156,4,0,0,0,0,0,0,0,0,0,0,0,0,0,0,26112,17224,15264,618,406,1,-1278,-156,-1140,-29,
CAPTURE END
PASSED

========================================== 5 passed, 1 skipped, 45 deselected in 100.96 seconds ===========================================
PS C:\GIT\masters\code\tests> pytest -svk copsset
=========================================================== test session starts ===========================================================
platform win32 -- Python 3.7.3, pytest-4.6.2, py-1.8.0, pluggy-0.12.0 -- c:\users\d7rob\appdata\local\programs\python\python37\python.exe
cachedir: .pytest_cache
rootdir: C:\GIT\masters\code\tests, inifile: pytest.ini
collected 51 items / 51 deselected                                                                                                         

====================================================== 51 deselected in 3.65 seconds ======================================================
PS C:\GIT\masters\code\tests> pytest -svk cops_set
=========================================================== test session starts ===========================================================
platform win32 -- Python 3.7.3, pytest-4.6.2, py-1.8.0, pluggy-0.12.0 -- c:\users\d7rob\appdata\local\programs\python\python37\python.exe
cachedir: .pytest_cache
rootdir: C:\GIT\masters\code\tests, inifile: pytest.ini
collected 51 items / 50 deselected / 1 selected                                                                                            

test_cops.py::test_cops_set
AT+NPTWEDRXS=2,5,0000,1001
OK
at+cpsms=1,,,00000000,00000000
OK
AT+NPTWEDRXS?
+NPTWEDRXS:5,"0000","1001"
eDRX value: 163.84 seconds, Paging Time Window: 2.56 seconds
at+cpsms?
OK
+CPSMS:1,,,00000000,00000000
Active T3324: 0 seconds, Periodic T3412: 0 minutes
PASSED

================================================= 1 passed, 50 deselected in 3.75 seconds =================================================
PS C:\GIT\masters\code\tests> pytest -svk ping
=========================================================== test session starts ===========================================================
platform win32 -- Python 3.7.3, pytest-4.6.2, py-1.8.0, pluggy-0.12.0 -- c:\users\d7rob\appdata\local\programs\python\python37\python.exe
cachedir: .pytest_cache
rootdir: C:\GIT\masters\code\tests, inifile: pytest.ini
collected 51 items / 50 deselected / 1 selected                                                                                            

test_setup.py::test_ping
at+nping="8.8.8.8"
OK
+NPSMR:0
+CSCON:1
+NPING:8.8.8.8,52,2509
{'Signal power': '-993', 'Total power': '-903', 'TX power': '180', 'TX time': '592', 'RX time': '24487', 'Cell ID': '37601549', 'ECL': '1',
'SNR': '36', 'EARFCN': '3609', 'PCI': '75', 'RSRQ': '-124', 'OPERATOR MODE': '4', 'LC UL BLE': '0', 'LC DL BLE': '0', 'AC UL BLE': '0', 'AC
DL BLE': '0', 'otal TX byte': '324', 'otal RX byte': '307', 'otal TX block': '9', 'otal RX block': '12', 'otal RTX block': '0', 'otal ACK/NACK R': '0', 'LC U': '0', 'LC D': '0', 'AC U': '0', 'AC D': '0', 'urrent Allocate': '26112', 'otal Fre': '17224', 'ax Fre': '15264', 'um Alloc': '632', 'um Free': '420', 'primary_cell': '1', 'rsrp': '-991', 'rsrq': '-122', 'rssi': '-911', 'snr': '40'}
CAPTURE START
./logs/huawei_vodacom/testplant_14th/quectel/setup/ping/5
0,11991,22967,15313,30026.45,127.0,-990,-910,180,611,44691,37601549,1,51,3609,75,-119,4,0,0,0,0,342,318,10,13,0,0,0,23,45,39,26112,17224,15264,635,423,1,-990,-119,-910,51,
CAPTURE END
PASSED

================================================ 1 passed, 50 deselected in 28.64 seconds =================================================
PS C:\GIT\masters\code\tests> pytest -svk ping
=========================================================== test session starts ===========================================================
platform win32 -- Python 3.7.3, pytest-4.6.2, py-1.8.0, pluggy-0.12.0 -- c:\users\d7rob\appdata\local\programs\python\python37\python.exe
cachedir: .pytest_cache
rootdir: C:\GIT\masters\code\tests, inifile: pytest.ini
collected 51 items / 50 deselected / 1 selected                                                                                            

test_setup.py::test_ping
at+nping="8.8.8.8"
OK
+NPSMR:0
+CSCON:1
+NPING:8.8.8.8,52,2737
{'Signal power': '-1117', 'Total power': '-1027', 'TX power': '230', 'TX time': '806', 'RX time': '46121', 'Cell ID': '37601549', 'ECL': '1', 'SNR': '31', 'EARFCN': '3609', 'PCI': '75', 'RSRQ': '-126', 'OPERATOR MODE': '4', 'LC UL BLE': '0', 'LC DL BLE': '0', 'AC UL BLE': '0', 'AC DL BLE': '0', 'otal TX byte': '456', 'otal RX byte': '430', 'otal TX block': '13', 'otal RX block': '16', 'otal RTX block': '0', 'otal ACK/NACK R': '0', 'LC U': '0', 'LC D': '23', 'AC U': '45', 'AC D': '39', 'urrent Allocate': '26112', 'otal Fre': '17224', 'ax Fre': '15264', 'um Alloc': '641', 'um Free': '429', 'primary_cell': '1', 'rsrp': '-1110', 'rsrq': '-123', 'rssi': '-1026', 'snr': '38'}
CAPTURE START
./logs/huawei_vodacom/testplant_14th/quectel/setup/ping/10
index,
idleTime,txTime,totalTime,energy,maxCurrent,Signal power,Total power,TX power,TX time,RX time,Cell ID,ECL,SNR,EARFCN,PCI,RSRQ,OPERATOR MODE,LC UL BLE,LC DL BLE,AC UL BLE,AC DL BLE,otal TX byte,otal RX byte,otal TX block,otal RX block,otal RTX block,otal ACK/NACK R,LC U,LC D,AC U,AC D,urrent Allocate,otal Fre,ax Fre,um Alloc,um Free,primary_cell,rsrp,rsrq,rssi,snr,
0,16578,23101,15408,29936.67,122.0,-1111,-1011,230,825,66224,37601549,2,23,3609,75,-129,4,0,0,0,0,474,441,14,17,0,0,0,23,46,37,26112,17224,15264,645,433,1,-1111,-129,-1011,23,
CAPTURE END
PASSED

================================================ 1 passed, 50 deselected in 29.08 seconds =================================================
PS C:\GIT\masters\code\tests> pytest -svk ping
=========================================================== test session starts ===========================================================
platform win32 -- Python 3.7.3, pytest-4.6.2, py-1.8.0, pluggy-0.12.0 -- c:\users\d7rob\appdata\local\programs\python\python37\python.exe
cachedir: .pytest_cache
rootdir: C:\GIT\masters\code\tests, inifile: pytest.ini
collected 51 items / 50 deselected / 1 selected                                                                                            

test_setup.py::test_ping
at+nping="8.8.8.8"
OK
+NPSMR:0
+CSCON:1
+NPING:8.8.8.8,52,5425
{'Signal power': '-1215', 'Total power': '-1098', 'TX power': '230', 'TX time': '2392', 'RX time': '69203', 'Cell ID': '28992279', 'ECL': '2', 'SNR': '2', 'EARFCN': '3609', 'PCI': '417', 'RSRQ': '-138', 'OPERATOR MODE': '4', 'LC UL BLE': '0', 'LC DL BLE': '0', 'AC UL BLE': '0', 'AC DL BLE': '0', 'otal TX byte': '571', 'otal RX byte': '564', 'otal TX block': '17', 'otal RX block': '22', 'otal RTX block': '0', 'otal ACK/NACK R': '0', 'LC U': '0', 'LC D': '23', 'AC U': '46', 'AC D': '37', 'urrent Allocate': '26112', 'otal Fre': '17224', 'ax Fre': '15264', 'um Alloc': '651', 'um Free': '439', 'primary_cell': '1', 'rsrp': '-1218', 'rsrq': '-141', 'rssi': '-1101', 'snr': '-4'}
CAPTURE START
./logs/huawei_vodacom/testplant_14th/quectel/setup/ping/20
index,
idleTime,txTime,totalTime,energy,maxCurrent,Signal power,Total power,TX power,TX time,RX time,Cell ID,ECL,SNR,EARFCN,PCI,RSRQ,OPERATOR MODE,LC UL BLE,LC DL BLE,AC UL BLE,AC DL BLE,otal TX byte,otal RX byte,otal TX block,otal RX block,otal RTX block,otal ACK/NACK R,LC U,LC D,AC U,AC D,urrent Allocate,otal Fre,ax Fre,um Alloc,um Free,primary_cell,rsrp,rsrq,rssi,snr,
0,11968,40704,28717,81111.78,122.0,-1234,-1106,230,2458,104184,28992279,2,-17,3609,417,-149,4,0,0,0,0,607,601,19,24,0,0,0,0,7,4,26112,17224,15264,654,442,1,-1234,-149,-1106,-17,
CAPTURE END
PASSED

================================================ 1 passed, 50 deselected in 46.52 seconds =================================================
PS C:\GIT\masters\code\tests> pytest -svk ping
=========================================================== test session starts ===========================================================
platform win32 -- Python 3.7.3, pytest-4.6.2, py-1.8.0, pluggy-0.12.0 -- c:\users\d7rob\appdata\local\programs\python\python37\python.exe
cachedir: .pytest_cache
rootdir: C:\GIT\masters\code\tests, inifile: pytest.ini
collected 51 items / 50 deselected / 1 selected                                                                                            

test_setup.py::test_ping
at+nping="8.8.8.8"
OK


!!!!!!!!!!!!!!!!!!!!!!!!!!!!!!!!!!!!!!!!!!!!!!!!!!!!!!!!!!!! KeyboardInterrupt !!!!!!!!!!!!!!!!!!!!!!!!!!!!!!!!!!!!!!!!!!!!!!!!!!!!!!!!!!!!
c:\users\d7rob\appdata\local\programs\python\python37\lib\site-packages\serial\serialwin32.py:290: KeyboardInterrupt
(to show a full traceback on KeyboardInterrupt use --fulltrace)
====================================================== 50 deselected in 8.06 seconds ======================================================
PS C:\GIT\masters\code\tests> pytest -svk ping
=========================================================== test session starts ===========================================================
platform win32 -- Python 3.7.3, pytest-4.6.2, py-1.8.0, pluggy-0.12.0 -- c:\users\d7rob\appdata\local\programs\python\python37\python.exe
cachedir: .pytest_cache
rootdir: C:\GIT\masters\code\tests, inifile: pytest.ini
collected 51 items / 50 deselected / 1 selected                                                                                            

test_setup.py::test_ping
at+nping="8.8.8.8"
OK
+NPINGERR:1
{'Signal power': '-32768', 'Total power': '-32768', 'TX power': '230', 'TX time': '2458', 'RX time': '125067', 'Cell ID': '28992279', 'ECL': '2', 'SNR': '-32768', 'EARFCN': '4294967295', 'PCI': '65535', 'RSRQ': '-32768', 'OPERATOR MODE': '4', 'LC UL BLE': '0', 'LC DL BLE': '0', 'AC UL BLE': '0', 'AC DL BLE': '0', 'otal TX byte': '607', 'otal RX byte': '601', 'otal TX block': '19', 'otal RX block': '24', 'otal RTX block': '0', 'otal ACK/NACK R': '0', 'LC U': '0', 'LC D': '0', 'AC U': '7', 'AC D': '4', 'urrent Allocate': '26112', 'otal Fre': '17224', 'ax Fre': '15264', 'um Alloc': '663', 'um Free': '451', 'primary_cell': '1', 'rsrp': '-1234', 'rsrq': '-149', 'rssi': '-1106', 'snr': '-17'}
CAPTURE START
./logs/huawei_vodacom/testplant_14th/quectel/setup/ping/30
index,
idleTime,txTime,totalTime,energy,maxCurrent,Signal power,Total power,TX power,TX time,RX time,Cell ID,ECL,SNR,EARFCN,PCI,RSRQ,OPERATOR MODE,LC UL BLE,LC DL BLE,AC UL BLE,AC DL BLE,otal TX byte,otal RX byte,otal TX block,otal RX block,otal RTX block,otal ACK/NACK R,LC U,LC D,AC U,AC D,urrent Allocate,otal Fre,ax Fre,um Alloc,um Free,primary_cell,rsrp,rsrq,rssi,snr,
0,10534,83544,63679,102204.38,127.0,-1277,-1137,230,12633,175290,28992279,2,-31,3609,417,-162,4,0,0,0,0,812,799,30,32,0,0,117,30,4,33,26112,17224,15264,666,454,1,-1277,-162,-1137,-31,
CAPTURE END
PASSED

================================================ 1 passed, 50 deselected in 77.48 seconds =================================================
PS C:\GIT\masters\code\tests> pytest -svk ping
=========================================================== test session starts ===========================================================
platform win32 -- Python 3.7.3, pytest-4.6.2, py-1.8.0, pluggy-0.12.0 -- c:\users\d7rob\appdata\local\programs\python\python37\python.exe
cachedir: .pytest_cache
rootdir: C:\GIT\masters\code\tests, inifile: pytest.ini
collected 51 items / 50 deselected / 1 selected                                                                                            

test_setup.py::test_ping
at+nping="8.8.8.8"
OK
+NPSMR:0
+CSCON:1
+NPING:8.8.8.8,52,2385
{'Signal power': '-909', 'Total power': '-831', 'TX power': '120', 'TX time': '12832', 'RX time': '176507', 'Cell ID': '37601549', 'ECL': '1', 'SNR': '54', 'EARFCN': '3609', 'PCI': '75', 'RSRQ': '-118', 'OPERATOR MODE': '4', 'LC UL BLE': '0', 'LC DL BLE': '0', 'AC UL BLE': '0', 'AC DL BLE': '0', 'otal TX byte': '926', 'otal RX byte': '918', 'otal TX block': '33', 'otal RX block': '36', 'otal RTX block': '0', 'otal ACK/NACK R': '0', 'LC U': '117', 'LC D': '30', 'AC U': '4', 'AC D': '33', 'urrent Allocate': '26112', 'otal Fre': '17224', 'ax Fre': '15264',
'um Alloc': '672', 'um Free': '460', 'primary_cell': '1', 'rsrp': '-915', 'rsrq': '-119', 'rssi': '-844', 'snr': '53'}
CAPTURE START
./logs/huawei_vodacom/testplant_14th/quectel/setup/ping/5
0,335357,22841,15337,30073.25,125.0,-972,-868,150,12850,196708,37601549,1,8,3609,75,-136,4,0,0,0,0,944,929,34,37,0,0,117,23,45,39,26112,17224,15264,675,463,1,-972,-136,-868,8,
CAPTURE END
PASSED

================================================ 1 passed, 50 deselected in 28.53 seconds =================================================
PS C:\GIT\masters\code\tests>